{
  "Placements": {
    "Test placement": {
      "$type": "ItemChanger.Placements.AutoPlacement, ItemChanger",
      "Tags": [],
      "Location": {
        "$type": "ItemChanger.Locations.EmptyLocation, ItemChanger",
        "Tags": [],
        "Name": "Test location",
        "SceneName": null,
        "FlingType": "Everywhere"
      },
      "Cost": null,
      "SupportsCost": false,
      "Name": "Test placement",
      "Items": [
        {
          "$type": "ItemChanger.Items.NullItem, ItemChanger",
          "name": "A",
          "UIDef": null,
          "Tags": [
            {
              "$type": "ItemChanger.Tags.InteropTag, ItemChanger",
              "Properties": {},
              "Message": "test"
            }
          ],
          "obtainState": "Unobtained"
        },
        {
          "$type": "ItemChanger.Items.NullItem, ItemChanger",
          "name": "B",
          "UIDef": null,
          "Tags": [
            {
              "$type": "ItemChanger.Tags.InteropTag, ItemChanger",
              "Properties": {},
              "Message": "test"
            }
          ],
          "obtainState": "Unobtained"
        },
        {
          "$type": "ItemChanger.Items.NullItem, ItemChanger",
          "name": "C",
          "UIDef": null,
          "Tags": [
            {
              "$type": "ItemChanger.Tags.InteropTag, ItemChanger",
              "Properties": {},
              "Message": "test"
            }
          ],
          "obtainState": "Unobtained"
        }
      ],
      "Visited": "None"
    }
  },
  "Modules": [
    {
      "$type": "ItemChanger.Modules.InteropModule, ItemChanger",
      "Properties": {},
      "Message": "foo",
      "Name": "InteropModule"
    },
    {
      "$type": "ItemChanger.Modules.InteropModule, ItemChanger",
      "Properties": {},
      "Message": "bar",
      "Name": "InteropModule"
    }
  ]
}
